[2026-07-19T12:08:23Z] Initialized queue: Ranks 25–34 (10 blogs)
[2026-07-19T12:13:15Z] Rank 25 -> in_progress
[2026-07-19T12:23:46Z] Rank 25 -> done https://blog.bluestone.com/happy-janmashtami-wishes-quotes-2026/
[2026-07-19T12:26:20Z] Rank 26 -> in_progress
[2026-07-19T12:31:37Z] Rank 26 -> done https://blog.bluestone.com/gudi-padwa-meaning-2027/
[2026-07-19T12:31:38Z] Rank 27 -> in_progress
[2026-07-19T12:35:36Z] Rank 27 -> done https://blog.bluestone.com/new-year-gift-for-girlfriend-2027/
[2026-07-19T12:35:36Z] Rank 28 -> in_progress
[2026-07-19T12:40:40Z] Rank 28 -> done https://blog.bluestone.com/gift-for-mothers-day-from-daughter-2027/
[2026-07-19T12:40:41Z] Rank 29 -> in_progress
[2026-07-19T12:44:03Z] Rank 29 -> done https://blog.bluestone.com/gifts-for-friends-on-friendship-day-2026/
[2026-07-19T12:44:03Z] Rank 30 -> in_progress
[2026-07-19T12:46:27Z] Rank 30 -> done https://blog.bluestone.com/akshaya-tritiya-quotes-wishes-2027/
[2026-07-19T14:15:54Z] Rank 31 -> in_progress
[2026-07-19T14:17:13Z] Rank 31 -> in_progress
[2026-07-19T14:25:45Z] Rank 31 -> done https://blog.bluestone.com/chhath-puja-quotes-in-english-2026/
[2026-07-19T14:25:45Z] Rank 32 -> in_progress
[2026-07-19T14:32:47Z] Rank 32 -> done
[2026-07-19T14:34:04Z] Rank 34 -> done https://blog.bluestone.com/best-friend-shayari-english-2026/
[2026-07-19T14:34:11Z] Rank 32 -> done https://blog.bluestone.com/emotional-daughters-day-quotes-2026/
[2026-07-19T14:34:59Z] Rank 33 -> done https://blog.bluestone.com/why-republic-day-is-celebrated-2027/
[2026-07-19T16:24:55Z] Initialized queue: Ranks 35–39 (5 blogs)
[2026-07-19T16:25:00Z] Rank 35 marked in_progress
[2026-07-19T16:28:46Z] Rank 35 -> in_progress
[2026-07-19T16:32:15Z] Rank 35 -> in_progress
[2026-07-19T16:32:37Z] Rank 36 -> in_progress
[2026-07-19T16:32:59Z] Rank 37 -> in_progress
[2026-07-19T16:33:21Z] Rank 38 -> in_progress
[2026-07-19T16:33:39Z] Rank 39 -> in_progress
[2026-07-19T16:36:48Z] Rank 35 -> done https://blog.bluestone.com/birthday-wishes-for-crush-2026/
[2026-07-19T16:37:30Z] Rank 36 -> done https://blog.bluestone.com/happy-birthday-wishes-for-teacher-2026/
[2026-07-19T16:37:45Z] Rank 37 -> done https://blog.bluestone.com/happy-birthday-wishes-mama-2026/
[2026-07-19T16:38:39Z] Rank 38 -> done https://blog.bluestone.com/new-born-baby-status-2026/
[2026-07-19T16:38:52Z] Rank 39 -> done https://blog.bluestone.com/happy-diwali-message-2026/
[2026-07-19T16:50:06Z] Initialized queue: Ranks 40–44 (5 blogs)
[2026-07-19T17:04:22Z] Rank 40 -> done https://blog.bluestone.com/birthday-wishes-for-ex-girlfriend-2026/
[2026-07-19T17:04:22Z] Rank 41 -> done https://blog.bluestone.com/1st-wedding-anniversary-wishes-2026/
[2026-07-19T17:04:22Z] Rank 42 -> done https://blog.bluestone.com/rakhi-wishes-2026/
[2026-07-19T17:04:22Z] Rank 43 -> done https://blog.bluestone.com/happy-birthday-to-myself-quotes-2026/
[2026-07-19T17:04:22Z] Rank 44 -> done https://blog.bluestone.com/funny-friendship-shayari-2026/
[2026-07-20T05:54:41Z] Initialized queue: Ranks 45–50 (6 blogs)
[2026-07-20T06:12:16Z] Rank 45 -> done https://blog.bluestone.com/first-birthday-wishes-for-baby-girl-2026/
[2026-07-20T06:12:16Z] Rank 46 -> done https://blog.bluestone.com/mothers-day-thought-2027/
[2026-07-20T06:12:16Z] Rank 47 -> done https://blog.bluestone.com/teachers-day-msg-2026/
[2026-07-20T06:12:16Z] Rank 48 -> done https://blog.bluestone.com/2-line-dosti-status-in-english-2026/
[2026-07-20T06:12:16Z] Rank 49 -> done https://blog.bluestone.com/deepavali-wishes-in-tamil-2026/
[2026-07-20T06:12:16Z] Rank 50 -> done https://blog.bluestone.com/yari-status-hindi-2026/
